// Jest Snapshot v1, https://jestjs.io/docs/snapshot-testing

exports[`Header component matches snapshot 1`] = `
<div>
  <header
    class="MuiBox-root css-1odyvdh"
  >
    <div
      class="MuiBox-root css-0"
    >
      <button
        aria-label="menu"
        class="MuiButtonBase-root MuiIconButton-root MuiIconButton-colorInherit MuiIconButton-edgeStart MuiIconButton-sizeMedium css-1fgoo3o-MuiButtonBase-root-MuiIconButton-root"
        data-testid="NavPrimaryMenuIcon"
        tabindex="0"
        type="button"
      >
        <svg
          aria-hidden="true"
          class="MuiSvgIcon-root MuiSvgIcon-fontSizeLarge css-uks7c6-MuiSvgIcon-root"
          data-testid="MenuIcon"
          focusable="false"
          viewBox="0 0 24 24"
        >
          <path
            d="M3 18h18v-2H3zm0-5h18v-2H3zm0-7v2h18V6z"
          />
        </svg>
      </button>
    </div>
  </header>
</div>
`;
