// Jest Snapshot v1, https://goo.gl/fbAQLP

exports[`SocialsForm renders correctly 1`] = `
<div>
  <h2
    class="MuiTypography-root MuiTypography-h5 css-xt72g8-MuiTypography-root"
  >
    Social Media Links
  </h2>
  <div
    class="MuiBox-root css-18mctc4"
  >
    <span
      class="MuiTypography-root MuiTypography-h6 css-115ey5t-MuiTypography-root"
    >
      Add Link
       
      <div>
        <ul
          class="MuiList-root MuiList-padding css-b7dj7n-MuiList-root"
        >
          <p
            class="MuiTypography-root MuiTypography-body2 css-956xpl-MuiTypography-root"
          >
            Supported Social URLs:
          </p>
          <p
            class="MuiTypography-root MuiTypography-body2 css-7ctihp-MuiTypography-root"
          >
            X
          </p>
          <p
            class="MuiTypography-root MuiTypography-body2 css-7ctihp-MuiTypography-root"
          >
            LinkedIn
          </p>
          <p
            class="MuiTypography-root MuiTypography-body2 css-7ctihp-MuiTypography-root"
          >
            GitHub
          </p>
          <p
            class="MuiTypography-root MuiTypography-body2 css-7ctihp-MuiTypography-root"
          >
            Facebook
          </p>
          <p
            class="MuiTypography-root MuiTypography-body2 css-7ctihp-MuiTypography-root"
          >
            Instagram
          </p>
          <p
            class="MuiTypography-root MuiTypography-body2 css-7ctihp-MuiTypography-root"
          >
            YouTube
          </p>
          <p
            class="MuiTypography-root MuiTypography-body2 css-7ctihp-MuiTypography-root"
          >
            TikTok
          </p>
          <p
            class="MuiTypography-root MuiTypography-body2 css-7ctihp-MuiTypography-root"
          >
            Twitch
          </p>
          <p
            class="MuiTypography-root MuiTypography-body2 css-7ctihp-MuiTypography-root"
          >
            Snapchat
          </p>
          <p
            class="MuiTypography-root MuiTypography-body2 css-7ctihp-MuiTypography-root"
          >
            Reddit
          </p>
          <p
            class="MuiTypography-root MuiTypography-body2 css-7ctihp-MuiTypography-root"
          >
            WhatsApp
          </p>
          <p
            class="MuiTypography-root MuiTypography-body2 css-7ctihp-MuiTypography-root"
          >
            Telegram
          </p>
          <p
            class="MuiTypography-root MuiTypography-body2 css-7ctihp-MuiTypography-root"
          >
            Signal
          </p>
          <p
            class="MuiTypography-root MuiTypography-body2 css-7ctihp-MuiTypography-root"
          >
            Medium
          </p>
          <p
            class="MuiTypography-root MuiTypography-body2 css-7ctihp-MuiTypography-root"
          >
            Website
          </p>
        </ul>
      </div>
    </span>
    <p
      class="MuiTypography-root MuiTypography-body2 css-1a1whku-MuiTypography-root"
    >
      Paste a link below to add to your socials. Link icons will appear at the top of your resume.
    </p>
    <div
      class="MuiFormControl-root MuiFormControl-fullWidth MuiTextField-root css-1vc4ixa-MuiFormControl-root-MuiTextField-root"
    >
      <label
        class="MuiFormLabel-root MuiInputLabel-root MuiInputLabel-formControl MuiInputLabel-animated MuiInputLabel-sizeMedium MuiInputLabel-outlined MuiFormLabel-colorPrimary MuiInputLabel-root MuiInputLabel-formControl MuiInputLabel-animated MuiInputLabel-sizeMedium MuiInputLabel-outlined css-19qnlrw-MuiFormLabel-root-MuiInputLabel-root"
        data-shrink="false"
        for=":r0:"
        id=":r0:-label"
      >
        Social URL
      </label>
      <div
        class="MuiInputBase-root MuiOutlinedInput-root MuiInputBase-colorPrimary MuiInputBase-fullWidth MuiInputBase-formControl css-1blp12k-MuiInputBase-root-MuiOutlinedInput-root"
      >
        <input
          aria-invalid="false"
          class="MuiInputBase-input MuiOutlinedInput-input css-16wblaj-MuiInputBase-input-MuiOutlinedInput-input"
          id=":r0:"
          name="newSocialUrl"
          type="text"
          value=""
        />
        <fieldset
          aria-hidden="true"
          class="MuiOutlinedInput-notchedOutline css-1ll44ll-MuiOutlinedInput-notchedOutline"
        >
          <legend
            class="css-81qg8w"
          >
            <span>
              Social URL
            </span>
          </legend>
        </fieldset>
      </div>
    </div>
    <button
      class="MuiButtonBase-root MuiButton-root MuiButton-contained MuiButton-containedPrimary MuiButton-sizeMedium MuiButton-containedSizeMedium MuiButton-colorPrimary MuiButton-root MuiButton-contained MuiButton-containedPrimary MuiButton-sizeMedium MuiButton-containedSizeMedium MuiButton-colorPrimary css-5pf1h4-MuiButtonBase-root-MuiButton-root"
      tabindex="0"
      type="button"
    >
      Add Social
    </button>
  </div>
  <div
    class="MuiBox-root css-0"
  />
</div>
`;
